Build started 13/12/2025 15:44:55.
Logging verbosity is set to: Normal.     1>Project "D:\DotNet\Projects\ElectionMGTAPI\ElectionMGTAPI\ElectionMGTAPI.csproj" on node 1 (Restore target(s)).
     1>_GetAllRestoreProjectPathItems:
         Determining projects to restore...
       Restore:
         X.509 certificate chain validation will use the default trust store selected by .NET for code signing.
         X.509 certificate chain validation will use the default trust store selected by .NET for timestamping.
         Assets file has not changed. Skipping assets file writing. Path: D:\DotNet\Projects\ElectionMGTAPI\ElectionMGTAPI\obj\project.assets.json
         Restored D:\DotNet\Projects\ElectionMGTAPI\ElectionMGTAPI\ElectionMGTAPI.csproj (in 83 ms).
         
         NuGet Config files used:
             C:\Users\munez\AppData\Roaming\NuGet\NuGet.Config
             C:\Program Files (x86)\NuGet\Config\Microsoft.VisualStudio.FallbackLocation.config
             C:\Program Files (x86)\NuGet\Config\Microsoft.VisualStudio.Offline.config
         
         Feeds used:
             https://api.nuget.org/v3/index.json
             C:\Program Files (x86)\Microsoft SDKs\NuGetPackages\
         All projects are up-to-date for restore.
     1>Done Building Project "D:\DotNet\Projects\ElectionMGTAPI\ElectionMGTAPI\ElectionMGTAPI.csproj" (Restore target(s)).
   1:7>Project "D:\DotNet\Projects\ElectionMGTAPI\ElectionMGTAPI\ElectionMGTAPI.csproj" on node 1 (default targets).
     1>GenerateTargetFrameworkMonikerAttribute:
       Skipping target "GenerateTargetFrameworkMonikerAttribute" because all output files are up-to-date with respect to the input files.
       CoreGenerateAssemblyInfo:
       Skipping target "CoreGenerateAssemblyInfo" because all output files are up-to-date with respect to the input files.
       _DiscoverMvcApplicationParts:
       Skipping target "_DiscoverMvcApplicationParts" because all output files are up-to-date with respect to the input files.
       _GenerateSourceLinkFile:
         Source Link file 'obj\Debug\net9.0\ElectionMGTAPI.sourcelink.json' is up-to-date.
       CoreCompile:
       Skipping target "CoreCompile" because all output files are up-to-date with respect to the input files.
       _CreateAppHost:
       Skipping target "_CreateAppHost" because all output files are up-to-date with respect to the input files.
       _ProcessScopedCssFiles:
       Skipping target "_ProcessScopedCssFiles" because it has no outputs.
       _ProcessScopedCssFiles:
       Skipping target "_ProcessScopedCssFiles" because it has no outputs.
       _BuildCopyStaticWebAssetsPreserveNewest:
       Skipping target "_BuildCopyStaticWebAssetsPreserveNewest" because it has no outputs.
       _CopyOutOfDateSourceItemsToOutputDirectory:
       Building target "_CopyOutOfDateSourceItemsToOutputDirectory" partially, because some output files are out of date with respect to their input files.
         Copying file from "D:\DotNet\Projects\ElectionMGTAPI\ElectionMGTAPI\obj\Debug\net9.0\apphost.exe" to "D:\DotNet\Projects\ElectionMGTAPI\ElectionMGTAPI\bin\Debug\net9.0\ElectionMGTAPI.exe".
     1>C:\Program Files\dotnet\sdk\9.0.305\Microsoft.Common.CurrentVersion.targets(5394,5): warning MSB3026: Could not copy "D:\DotNet\Projects\ElectionMGTAPI\ElectionMGTAPI\obj\Debug\net9.0\apphost.exe" to "bin\Debug\net9.0\ElectionMGTAPI.exe". Beginning retry 1 in 1000ms. The process cannot access the file 'D:\DotNet\Projects\ElectionMGTAPI\ElectionMGTAPI\bin\Debug\net9.0\ElectionMGTAPI.exe' because it is being used by another process. The file is locked by: "ElectionMGTAPI (29828)" [D:\DotNet\Projects\ElectionMGTAPI\ElectionMGTAPI\ElectionMGTAPI.csproj]
         Copying file from "D:\DotNet\Projects\ElectionMGTAPI\ElectionMGTAPI\obj\Debug\net9.0\apphost.exe" to "D:\DotNet\Projects\ElectionMGTAPI\ElectionMGTAPI\bin\Debug\net9.0\ElectionMGTAPI.exe".
     1>C:\Program Files\dotnet\sdk\9.0.305\Microsoft.Common.CurrentVersion.targets(5394,5): warning MSB3026: Could not copy "D:\DotNet\Projects\ElectionMGTAPI\ElectionMGTAPI\obj\Debug\net9.0\apphost.exe" to "bin\Debug\net9.0\ElectionMGTAPI.exe". Beginning retry 2 in 1000ms. The process cannot access the file 'D:\DotNet\Projects\ElectionMGTAPI\ElectionMGTAPI\bin\Debug\net9.0\ElectionMGTAPI.exe' because it is being used by another process. The file is locked by: "ElectionMGTAPI (29828)" [D:\DotNet\Projects\ElectionMGTAPI\ElectionMGTAPI\ElectionMGTAPI.csproj]
         Copying file from "D:\DotNet\Projects\ElectionMGTAPI\ElectionMGTAPI\obj\Debug\net9.0\apphost.exe" to "D:\DotNet\Projects\ElectionMGTAPI\ElectionMGTAPI\bin\Debug\net9.0\ElectionMGTAPI.exe".
     1>C:\Program Files\dotnet\sdk\9.0.305\Microsoft.Common.CurrentVersion.targets(5394,5): warning MSB3026: Could not copy "D:\DotNet\Projects\ElectionMGTAPI\ElectionMGTAPI\obj\Debug\net9.0\apphost.exe" to "bin\Debug\net9.0\ElectionMGTAPI.exe". Beginning retry 3 in 1000ms. The process cannot access the file 'D:\DotNet\Projects\ElectionMGTAPI\ElectionMGTAPI\bin\Debug\net9.0\ElectionMGTAPI.exe' because it is being used by another process. The file is locked by: "ElectionMGTAPI (29828)" [D:\DotNet\Projects\ElectionMGTAPI\ElectionMGTAPI\ElectionMGTAPI.csproj]
         Copying file from "D:\DotNet\Projects\ElectionMGTAPI\ElectionMGTAPI\obj\Debug\net9.0\apphost.exe" to "D:\DotNet\Projects\ElectionMGTAPI\ElectionMGTAPI\bin\Debug\net9.0\ElectionMGTAPI.exe".
     1>C:\Program Files\dotnet\sdk\9.0.305\Microsoft.Common.CurrentVersion.targets(5394,5): warning MSB3026: Could not copy "D:\DotNet\Projects\ElectionMGTAPI\ElectionMGTAPI\obj\Debug\net9.0\apphost.exe" to "bin\Debug\net9.0\ElectionMGTAPI.exe". Beginning retry 4 in 1000ms. The process cannot access the file 'D:\DotNet\Projects\ElectionMGTAPI\ElectionMGTAPI\bin\Debug\net9.0\ElectionMGTAPI.exe' because it is being used by another process. The file is locked by: "ElectionMGTAPI (29828)" [D:\DotNet\Projects\ElectionMGTAPI\ElectionMGTAPI\ElectionMGTAPI.csproj]
         Copying file from "D:\DotNet\Projects\ElectionMGTAPI\ElectionMGTAPI\obj\Debug\net9.0\apphost.exe" to "D:\DotNet\Projects\ElectionMGTAPI\ElectionMGTAPI\bin\Debug\net9.0\ElectionMGTAPI.exe".
     1>C:\Program Files\dotnet\sdk\9.0.305\Microsoft.Common.CurrentVersion.targets(5394,5): warning MSB3026: Could not copy "D:\DotNet\Projects\ElectionMGTAPI\ElectionMGTAPI\obj\Debug\net9.0\apphost.exe" to "bin\Debug\net9.0\ElectionMGTAPI.exe". Beginning retry 5 in 1000ms. The process cannot access the file 'D:\DotNet\Projects\ElectionMGTAPI\ElectionMGTAPI\bin\Debug\net9.0\ElectionMGTAPI.exe' because it is being used by another process. The file is locked by: "ElectionMGTAPI (29828)" [D:\DotNet\Projects\ElectionMGTAPI\ElectionMGTAPI\ElectionMGTAPI.csproj]
         Copying file from "D:\DotNet\Projects\ElectionMGTAPI\ElectionMGTAPI\obj\Debug\net9.0\apphost.exe" to "D:\DotNet\Projects\ElectionMGTAPI\ElectionMGTAPI\bin\Debug\net9.0\ElectionMGTAPI.exe".
     1>C:\Program Files\dotnet\sdk\9.0.305\Microsoft.Common.CurrentVersion.targets(5394,5): warning MSB3026: Could not copy "D:\DotNet\Projects\ElectionMGTAPI\ElectionMGTAPI\obj\Debug\net9.0\apphost.exe" to "bin\Debug\net9.0\ElectionMGTAPI.exe". Beginning retry 6 in 1000ms. The process cannot access the file 'D:\DotNet\Projects\ElectionMGTAPI\ElectionMGTAPI\bin\Debug\net9.0\ElectionMGTAPI.exe' because it is being used by another process. The file is locked by: "ElectionMGTAPI (29828)" [D:\DotNet\Projects\ElectionMGTAPI\ElectionMGTAPI\ElectionMGTAPI.csproj]
         Copying file from "D:\DotNet\Projects\ElectionMGTAPI\ElectionMGTAPI\obj\Debug\net9.0\apphost.exe" to "D:\DotNet\Projects\ElectionMGTAPI\ElectionMGTAPI\bin\Debug\net9.0\ElectionMGTAPI.exe".
     1>C:\Program Files\dotnet\sdk\9.0.305\Microsoft.Common.CurrentVersion.targets(5394,5): warning MSB3026: Could not copy "D:\DotNet\Projects\ElectionMGTAPI\ElectionMGTAPI\obj\Debug\net9.0\apphost.exe" to "bin\Debug\net9.0\ElectionMGTAPI.exe". Beginning retry 7 in 1000ms. The process cannot access the file 'D:\DotNet\Projects\ElectionMGTAPI\ElectionMGTAPI\bin\Debug\net9.0\ElectionMGTAPI.exe' because it is being used by another process. The file is locked by: "ElectionMGTAPI (29828)" [D:\DotNet\Projects\ElectionMGTAPI\ElectionMGTAPI\ElectionMGTAPI.csproj]
         Copying file from "D:\DotNet\Projects\ElectionMGTAPI\ElectionMGTAPI\obj\Debug\net9.0\apphost.exe" to "D:\DotNet\Projects\ElectionMGTAPI\ElectionMGTAPI\bin\Debug\net9.0\ElectionMGTAPI.exe".
     1>C:\Program Files\dotnet\sdk\9.0.305\Microsoft.Common.CurrentVersion.targets(5394,5): warning MSB3026: Could not copy "D:\DotNet\Projects\ElectionMGTAPI\ElectionMGTAPI\obj\Debug\net9.0\apphost.exe" to "bin\Debug\net9.0\ElectionMGTAPI.exe". Beginning retry 8 in 1000ms. The process cannot access the file 'D:\DotNet\Projects\ElectionMGTAPI\ElectionMGTAPI\bin\Debug\net9.0\ElectionMGTAPI.exe' because it is being used by another process. The file is locked by: "ElectionMGTAPI (29828)" [D:\DotNet\Projects\ElectionMGTAPI\ElectionMGTAPI\ElectionMGTAPI.csproj]
         Copying file from "D:\DotNet\Projects\ElectionMGTAPI\ElectionMGTAPI\obj\Debug\net9.0\apphost.exe" to "D:\DotNet\Projects\ElectionMGTAPI\ElectionMGTAPI\bin\Debug\net9.0\ElectionMGTAPI.exe".
     1>C:\Program Files\dotnet\sdk\9.0.305\Microsoft.Common.CurrentVersion.targets(5394,5): warning MSB3026: Could not copy "D:\DotNet\Projects\ElectionMGTAPI\ElectionMGTAPI\obj\Debug\net9.0\apphost.exe" to "bin\Debug\net9.0\ElectionMGTAPI.exe". Beginning retry 9 in 1000ms. The process cannot access the file 'D:\DotNet\Projects\ElectionMGTAPI\ElectionMGTAPI\bin\Debug\net9.0\ElectionMGTAPI.exe' because it is being used by another process. The file is locked by: "ElectionMGTAPI (29828)" [D:\DotNet\Projects\ElectionMGTAPI\ElectionMGTAPI\ElectionMGTAPI.csproj]
         Copying file from "D:\DotNet\Projects\ElectionMGTAPI\ElectionMGTAPI\obj\Debug\net9.0\apphost.exe" to "D:\DotNet\Projects\ElectionMGTAPI\ElectionMGTAPI\bin\Debug\net9.0\ElectionMGTAPI.exe".
     1>C:\Program Files\dotnet\sdk\9.0.305\Microsoft.Common.CurrentVersion.targets(5394,5): warning MSB3026: Could not copy "D:\DotNet\Projects\ElectionMGTAPI\ElectionMGTAPI\obj\Debug\net9.0\apphost.exe" to "bin\Debug\net9.0\ElectionMGTAPI.exe". Beginning retry 10 in 1000ms. The process cannot access the file 'D:\DotNet\Projects\ElectionMGTAPI\ElectionMGTAPI\bin\Debug\net9.0\ElectionMGTAPI.exe' because it is being used by another process. The file is locked by: "ElectionMGTAPI (29828)" [D:\DotNet\Projects\ElectionMGTAPI\ElectionMGTAPI\ElectionMGTAPI.csproj]
         Copying file from "D:\DotNet\Projects\ElectionMGTAPI\ElectionMGTAPI\obj\Debug\net9.0\apphost.exe" to "D:\DotNet\Projects\ElectionMGTAPI\ElectionMGTAPI\bin\Debug\net9.0\ElectionMGTAPI.exe".
     1>C:\Program Files\dotnet\sdk\9.0.305\Microsoft.Common.CurrentVersion.targets(5394,5): error MSB3027: Could not copy "D:\DotNet\Projects\ElectionMGTAPI\ElectionMGTAPI\obj\Debug\net9.0\apphost.exe" to "bin\Debug\net9.0\ElectionMGTAPI.exe". Exceeded retry count of 10. Failed. The file is locked by: "ElectionMGTAPI (29828)" [D:\DotNet\Projects\ElectionMGTAPI\ElectionMGTAPI\ElectionMGTAPI.csproj]
     1>C:\Program Files\dotnet\sdk\9.0.305\Microsoft.Common.CurrentVersion.targets(5394,5): error MSB3021: Unable to copy file "D:\DotNet\Projects\ElectionMGTAPI\ElectionMGTAPI\obj\Debug\net9.0\apphost.exe" to "bin\Debug\net9.0\ElectionMGTAPI.exe". The process cannot access the file 'D:\DotNet\Projects\ElectionMGTAPI\ElectionMGTAPI\bin\Debug\net9.0\ElectionMGTAPI.exe' because it is being used by another process. [D:\DotNet\Projects\ElectionMGTAPI\ElectionMGTAPI\ElectionMGTAPI.csproj]
     1>Done Building Project "D:\DotNet\Projects\ElectionMGTAPI\ElectionMGTAPI\ElectionMGTAPI.csproj" (default targets) -- FAILED.

Build FAILED.

       "D:\DotNet\Projects\ElectionMGTAPI\ElectionMGTAPI\ElectionMGTAPI.csproj" (default target) (1:7) ->
       (_CopyOutOfDateSourceItemsToOutputDirectory target) -> 
         C:\Program Files\dotnet\sdk\9.0.305\Microsoft.Common.CurrentVersion.targets(5394,5): warning MSB3026: Could not copy "D:\DotNet\Projects\ElectionMGTAPI\ElectionMGTAPI\obj\Debug\net9.0\apphost.exe" to "bin\Debug\net9.0\ElectionMGTAPI.exe". Beginning retry 1 in 1000ms. The process cannot access the file 'D:\DotNet\Projects\ElectionMGTAPI\ElectionMGTAPI\bin\Debug\net9.0\ElectionMGTAPI.exe' because it is being used by another process. The file is locked by: "ElectionMGTAPI (29828)" [D:\DotNet\Projects\ElectionMGTAPI\ElectionMGTAPI\ElectionMGTAPI.csproj]
         C:\Program Files\dotnet\sdk\9.0.305\Microsoft.Common.CurrentVersion.targets(5394,5): warning MSB3026: Could not copy "D:\DotNet\Projects\ElectionMGTAPI\ElectionMGTAPI\obj\Debug\net9.0\apphost.exe" to "bin\Debug\net9.0\ElectionMGTAPI.exe". Beginning retry 2 in 1000ms. The process cannot access the file 'D:\DotNet\Projects\ElectionMGTAPI\ElectionMGTAPI\bin\Debug\net9.0\ElectionMGTAPI.exe' because it is being used by another process. The file is locked by: "ElectionMGTAPI (29828)" [D:\DotNet\Projects\ElectionMGTAPI\ElectionMGTAPI\ElectionMGTAPI.csproj]
         C:\Program Files\dotnet\sdk\9.0.305\Microsoft.Common.CurrentVersion.targets(5394,5): warning MSB3026: Could not copy "D:\DotNet\Projects\ElectionMGTAPI\ElectionMGTAPI\obj\Debug\net9.0\apphost.exe" to "bin\Debug\net9.0\ElectionMGTAPI.exe". Beginning retry 3 in 1000ms. The process cannot access the file 'D:\DotNet\Projects\ElectionMGTAPI\ElectionMGTAPI\bin\Debug\net9.0\ElectionMGTAPI.exe' because it is being used by another process. The file is locked by: "ElectionMGTAPI (29828)" [D:\DotNet\Projects\ElectionMGTAPI\ElectionMGTAPI\ElectionMGTAPI.csproj]
         C:\Program Files\dotnet\sdk\9.0.305\Microsoft.Common.CurrentVersion.targets(5394,5): warning MSB3026: Could not copy "D:\DotNet\Projects\ElectionMGTAPI\ElectionMGTAPI\obj\Debug\net9.0\apphost.exe" to "bin\Debug\net9.0\ElectionMGTAPI.exe". Beginning retry 4 in 1000ms. The process cannot access the file 'D:\DotNet\Projects\ElectionMGTAPI\ElectionMGTAPI\bin\Debug\net9.0\ElectionMGTAPI.exe' because it is being used by another process. The file is locked by: "ElectionMGTAPI (29828)" [D:\DotNet\Projects\ElectionMGTAPI\ElectionMGTAPI\ElectionMGTAPI.csproj]
         C:\Program Files\dotnet\sdk\9.0.305\Microsoft.Common.CurrentVersion.targets(5394,5): warning MSB3026: Could not copy "D:\DotNet\Projects\ElectionMGTAPI\ElectionMGTAPI\obj\Debug\net9.0\apphost.exe" to "bin\Debug\net9.0\ElectionMGTAPI.exe". Beginning retry 5 in 1000ms. The process cannot access the file 'D:\DotNet\Projects\ElectionMGTAPI\ElectionMGTAPI\bin\Debug\net9.0\ElectionMGTAPI.exe' because it is being used by another process. The file is locked by: "ElectionMGTAPI (29828)" [D:\DotNet\Projects\ElectionMGTAPI\ElectionMGTAPI\ElectionMGTAPI.csproj]
         C:\Program Files\dotnet\sdk\9.0.305\Microsoft.Common.CurrentVersion.targets(5394,5): warning MSB3026: Could not copy "D:\DotNet\Projects\ElectionMGTAPI\ElectionMGTAPI\obj\Debug\net9.0\apphost.exe" to "bin\Debug\net9.0\ElectionMGTAPI.exe". Beginning retry 6 in 1000ms. The process cannot access the file 'D:\DotNet\Projects\ElectionMGTAPI\ElectionMGTAPI\bin\Debug\net9.0\ElectionMGTAPI.exe' because it is being used by another process. The file is locked by: "ElectionMGTAPI (29828)" [D:\DotNet\Projects\ElectionMGTAPI\ElectionMGTAPI\ElectionMGTAPI.csproj]
         C:\Program Files\dotnet\sdk\9.0.305\Microsoft.Common.CurrentVersion.targets(5394,5): warning MSB3026: Could not copy "D:\DotNet\Projects\ElectionMGTAPI\ElectionMGTAPI\obj\Debug\net9.0\apphost.exe" to "bin\Debug\net9.0\ElectionMGTAPI.exe". Beginning retry 7 in 1000ms. The process cannot access the file 'D:\DotNet\Projects\ElectionMGTAPI\ElectionMGTAPI\bin\Debug\net9.0\ElectionMGTAPI.exe' because it is being used by another process. The file is locked by: "ElectionMGTAPI (29828)" [D:\DotNet\Projects\ElectionMGTAPI\ElectionMGTAPI\ElectionMGTAPI.csproj]
         C:\Program Files\dotnet\sdk\9.0.305\Microsoft.Common.CurrentVersion.targets(5394,5): warning MSB3026: Could not copy "D:\DotNet\Projects\ElectionMGTAPI\ElectionMGTAPI\obj\Debug\net9.0\apphost.exe" to "bin\Debug\net9.0\ElectionMGTAPI.exe". Beginning retry 8 in 1000ms. The process cannot access the file 'D:\DotNet\Projects\ElectionMGTAPI\ElectionMGTAPI\bin\Debug\net9.0\ElectionMGTAPI.exe' because it is being used by another process. The file is locked by: "ElectionMGTAPI (29828)" [D:\DotNet\Projects\ElectionMGTAPI\ElectionMGTAPI\ElectionMGTAPI.csproj]
         C:\Program Files\dotnet\sdk\9.0.305\Microsoft.Common.CurrentVersion.targets(5394,5): warning MSB3026: Could not copy "D:\DotNet\Projects\ElectionMGTAPI\ElectionMGTAPI\obj\Debug\net9.0\apphost.exe" to "bin\Debug\net9.0\ElectionMGTAPI.exe". Beginning retry 9 in 1000ms. The process cannot access the file 'D:\DotNet\Projects\ElectionMGTAPI\ElectionMGTAPI\bin\Debug\net9.0\ElectionMGTAPI.exe' because it is being used by another process. The file is locked by: "ElectionMGTAPI (29828)" [D:\DotNet\Projects\ElectionMGTAPI\ElectionMGTAPI\ElectionMGTAPI.csproj]
         C:\Program Files\dotnet\sdk\9.0.305\Microsoft.Common.CurrentVersion.targets(5394,5): warning MSB3026: Could not copy "D:\DotNet\Projects\ElectionMGTAPI\ElectionMGTAPI\obj\Debug\net9.0\apphost.exe" to "bin\Debug\net9.0\ElectionMGTAPI.exe". Beginning retry 10 in 1000ms. The process cannot access the file 'D:\DotNet\Projects\ElectionMGTAPI\ElectionMGTAPI\bin\Debug\net9.0\ElectionMGTAPI.exe' because it is being used by another process. The file is locked by: "ElectionMGTAPI (29828)" [D:\DotNet\Projects\ElectionMGTAPI\ElectionMGTAPI\ElectionMGTAPI.csproj]


       "D:\DotNet\Projects\ElectionMGTAPI\ElectionMGTAPI\ElectionMGTAPI.csproj" (default target) (1:7) ->
       (_CopyOutOfDateSourceItemsToOutputDirectory target) -> 
         C:\Program Files\dotnet\sdk\9.0.305\Microsoft.Common.CurrentVersion.targets(5394,5): error MSB3027: Could not copy "D:\DotNet\Projects\ElectionMGTAPI\ElectionMGTAPI\obj\Debug\net9.0\apphost.exe" to "bin\Debug\net9.0\ElectionMGTAPI.exe". Exceeded retry count of 10. Failed. The file is locked by: "ElectionMGTAPI (29828)" [D:\DotNet\Projects\ElectionMGTAPI\ElectionMGTAPI\ElectionMGTAPI.csproj]
         C:\Program Files\dotnet\sdk\9.0.305\Microsoft.Common.CurrentVersion.targets(5394,5): error MSB3021: Unable to copy file "D:\DotNet\Projects\ElectionMGTAPI\ElectionMGTAPI\obj\Debug\net9.0\apphost.exe" to "bin\Debug\net9.0\ElectionMGTAPI.exe". The process cannot access the file 'D:\DotNet\Projects\ElectionMGTAPI\ElectionMGTAPI\bin\Debug\net9.0\ElectionMGTAPI.exe' because it is being used by another process. [D:\DotNet\Projects\ElectionMGTAPI\ElectionMGTAPI\ElectionMGTAPI.csproj]

    10 Warning(s)
    2 Error(s)

Time Elapsed 00:00:13.80
